<html>
<body>
<pre>
<h1>µVision Build Log</h1>
<h2>Tool Versions:</h2>
IDE-Version: µVision V5.33.0.0
Copyright (C) 2020 ARM Ltd and ARM Germany GmbH. All rights reserved.
License Information: Federica Giorgione, Politecnico di Torino, LIC=----
 
Tool Versions:
Toolchain:       MDK-Lite  Version: 5.33.0.0
Toolchain Path:  C:\Keil_v5\ARM\ARMCC\Bin
C Compiler:      Armcc.exe V5.06 update 7 (build 960)
Assembler:       Armasm.exe V5.06 update 7 (build 960)
Linker/Locator:  ArmLink.exe V5.06 update 7 (build 960)
Library Manager: ArmAr.exe V5.06 update 7 (build 960)
Hex Converter:   FromElf.exe V5.06 update 7 (build 960)
CPU DLL:         SARMCM3.DLL V5.33.0.0
Dialog DLL:      DARMP1.DLL V1.27.0.0
Target DLL:      UL2CM3.DLL V1.163.9.0
Dialog DLL:      TARMP1.DLL V1.26.0.0
 
<h2>Project:</h2>
C:\Users\39327\Desktop\Materiale esame\12_sample_GLCD_TP\12_sample_GLCD_TP\sample.uvprojx
Project File Date:  01/18/2021

<h2>Output:</h2>
*** Using Compiler 'V5.06 update 7 (build 960)', folder: 'C:\Keil_v5\ARM\ARMCC\Bin'
Build target 'Target 1'
compiling lib_RIT.c...
compiling AsciiLib.c...
compiling sample.c...
compiling IRQ_timer.c...
timer\IRQ_timer.c(39): warning:  #1295-D: Deprecated declaration clearMatrix - give arg types
  extern void clearMatrix();
timer\IRQ_timer.c(50): warning:  #29-D: expected an expression
  	#elif
timer\IRQ_timer.c(106): warning:  #29-D: expected an expression
  	#elif
timer\IRQ_timer.c: 3 warnings, 0 errors
compiling lib_joystick.c...
compiling IRQ_RIT.c...
RIT\IRQ_RIT.c(56): warning:  #1295-D: Deprecated declaration clearMatrix - give arg types
  extern void clearMatrix();
RIT\IRQ_RIT.c(251): warning:  #177-D: variable "position"  was declared but never referenced
  	static int position=0;	
RIT\IRQ_RIT.c(252): warning:  #177-D: variable "i"  was declared but never referenced
  	static int i;
RIT\IRQ_RIT.c: 3 warnings, 0 errors
compiling lib_timer.c...
compiling TouchPanel.c...
compiling HzLib.c...
compiling GLCD.c...
linking...
Program Size: Code=27692 RO-data=1772 RW-data=280 ZI-data=680  
".\sample.axf" - 0 Error(s), 6 Warning(s).

<h2>Software Packages used:</h2>

Package Vendor: ARM
                http://www.keil.com/pack/ARM.CMSIS.5.7.0.pack
                ARM.CMSIS.5.7.0
                CMSIS (Cortex Microcontroller Software Interface Standard)
   * Component: CORE Version: 5.4.0

Package Vendor: Keil
                http://www.keil.com/pack/Keil.LPC1700_DFP.2.6.0.pack
                Keil.LPC1700_DFP.2.6.0
                NXP LPC1700 Series Device Support, Drivers and Examples for MCB1700 and LPC1788-32

<h2>Collection of Component include folders:</h2>
  .\RTE\_Target_1
  C:\Users\39327\AppData\Local\Arm\Packs\ARM\CMSIS\5.7.0\CMSIS\Core\Include
  C:\Users\39327\AppData\Local\Arm\Packs\Keil\LPC1700_DFP\2.6.0\Device\Include

<h2>Collection of Component Files used:</h2>

   * Component: ARM::CMSIS:CORE:5.4.0
Build Time Elapsed:  00:00:01
</pre>
</body>
</html>
